==> Building difftastic
==> Check outputs
sample_files/bad_combine_before.rs sample_files/bad_combine_after.rs
5d0d52b7e57900da78ba1f96634901fe  -

sample_files/clojure_before.clj sample_files/clojure_after.clj
6c82d4f44e0b2474b2dd82682940da7e  -

sample_files/comments_before.rs sample_files/comments_after.rs
c42c13edc47f4d6a74e3038835d97505  -

sample_files/contiguous_before.js sample_files/contiguous_after.js
b5e718eb8328f8df8aff0eddf4e46d1a  -

sample_files/css_before.css sample_files/css_after.css
b7b3727fd3a1241255c9aeb4716b23bc  -

sample_files/elisp_before.el sample_files/elisp_after.el
e82664a7cdc3110d70c38213eba5aac9  -

sample_files/elisp_contiguous_before.el sample_files/elisp_contiguous_after.el
292cc6e023865415d79239164bce631a  -

sample_files/hack_before.php sample_files/hack_after.php
e90425bf97230ad45dbb91ec0f34e84e  -

sample_files/haskell_before.hs sample_files/haskell_after.hs
ea8536e5b6cc2fb60d79d519358df211  -

sample_files/helpful_before.el sample_files/helpful_after.el
46fde3e518b9365c6b6a04843b509082  -

sample_files/helpful-unit-test-before.el sample_files/helpful-unit-test-after.el
14616503c934f36972a3498bd63085c7  -

sample_files/if_before.py sample_files/if_after.py
942363607f41d9da834350023afd3a1f  -

sample_files/java_before.java sample_files/java_after.java
4b57e58be24d5ccbc2568810889ced8e  -

sample_files/javascript_before.js sample_files/javascript_after.js
49afda10b2ba4177cc7cab307f48fc1a  -

sample_files/javascript_simple_before.js sample_files/javascript_simple_after.js
58208dbd2347671a5eb068d775a5f4f9  -

sample_files/json_before.json sample_files/json_after.json
43a1d679b7c0dc9794cf343c1d1dc6fd  -

sample_files/jsx_before.jsx sample_files/jsx_after.jsx
3c21b73a5d784bca89e76342eb47a422  -

sample_files/load_before.js sample_files/load_after.js
08a68dc60b213ade4eec37a9f8a12f66  -

sample_files/nest_before.rs sample_files/nest_after.rs
d02776678882e861a40fee2152e0935a  -

sample_files/ocaml_before.ml sample_files/ocaml_after.ml
9b6f28e64c94a7d615012d72b08265da  -

sample_files/ruby_before.rb sample_files/ruby_after.rb
4a9847a91e32ec6afdc2f0b01e28d2d6  -

sample_files/scala_before.scala sample_files/scala_after.scala
3969ef383bce9bd20587eb467fa34934  -

sample_files/simple_before.js sample_files/simple_after.js
1ddd283a18d06008f1d1741e9ff4ca70  -

sample_files/simple_before.txt sample_files/simple_after.txt
4b653ebe89321835c35722dd065cf6a2  -

sample_files/slider_before.rs sample_files/slider_after.rs
7ade4cc518d4cf0b52492da534b9dc1f  -

sample_files/slow_before.rs sample_files/slow_after.rs
e93bf01abcd97ea2fe4bc141e279a57e  -

sample_files/small_before.js sample_files/small_after.js
eb0d76aeb39e33b5ef539812d80c78d7  -

sample_files/syntax_error_before.js sample_files/syntax_error_after.js
1a0718b1e8f62980bda271beda04835b  -

sample_files/text_before.txt sample_files/text_after.txt
f61b57cb275332d01b9539efa88aa2f6  -

sample_files/typing_before.ml sample_files/typing_after.ml
8457b5ead7a12be8ee3f1ad0c11349de  -

