sample_files/bad_combine_before.rs sample_files/bad_combine_after.rs
8cdee5b915c20cb561d53148be0d1e2c  -

sample_files/change_outer_before.el sample_files/change_outer_after.el
1e144818ad54091b05e58e2c617add8f  -

sample_files/clojure_before.clj sample_files/clojure_after.clj
8316bcd959ce706ac07011f6dc31c93a  -

sample_files/comments_before.rs sample_files/comments_after.rs
d899ce2b86f03851fa02823a1ff9aa3f  -

sample_files/context_before.rs sample_files/context_after.rs
5f8518317cbaa2920c9d8c86d060c84f  -

sample_files/contiguous_before.js sample_files/contiguous_after.js
2efffebe782b66dbf458375d763bf88d  -

sample_files/css_before.css sample_files/css_after.css
a110f9a9ab8586f2f307df3cc9997ead  -

sample_files/dart_before.dart sample_files/dart_after.dart
aeed85d8cb8905197268309894a2945e  -

sample_files/elisp_before.el sample_files/elisp_after.el
c2871ec588ad8dd1e8c482efc4662f42  -

sample_files/elisp_contiguous_before.el sample_files/elisp_contiguous_after.el
c5b40cfd205d88e2d2f978ec1a7a8a82  -

sample_files/hack_before.php sample_files/hack_after.php
dee893339d9e746eabc3983eb7f37fe5  -

sample_files/haskell_before.hs sample_files/haskell_after.hs
a2a8efc24e1262d09889e10bd14a77c1  -

sample_files/helpful_before.el sample_files/helpful_after.el
3c3dc4e230c748f62df050053a72163f  -

sample_files/helpful-unit-test-before.el sample_files/helpful-unit-test-after.el
236758836c0fa82f0f0ed6b864e995d3  -

sample_files/if_before.py sample_files/if_after.py
49405c8bf3315d3d2a0d62aa9f0c326b  -

sample_files/java_before.java sample_files/java_after.java
40eb8390533248c5f8c7286362580c7f  -

sample_files/javascript_before.js sample_files/javascript_after.js
12a609bbacf57cdae4bb9a812b966fa0  -

sample_files/javascript_simple_before.js sample_files/javascript_simple_after.js
eba8ce51d3045e57b75dac86d71fc1b4  -

sample_files/json_before.json sample_files/json_after.json
559447b4a48066c2918502c4b0450f50  -

sample_files/jsx_before.jsx sample_files/jsx_after.jsx
e6333610ce3060df999a3199013a2fda  -

sample_files/load_before.js sample_files/load_after.js
c5a352313dfb4ae1818190f144c4874b  -

sample_files/modules_before.ml sample_files/modules_after.ml
25118f4e0b2d5be687abed4ff3106d3d  -

sample_files/multibyte_before.py sample_files/multibyte_after.py
8a5e31775d5e788e9158bd4a36e03254  -

sample_files/nest_before.rs sample_files/nest_after.rs
c36f2f545abee17589e2c18693ad5793  -

sample_files/nesting_before.el sample_files/nesting_after.el
c9b74f137aada068b0a317c09966e705  -

sample_files/ocaml_before.ml sample_files/ocaml_after.ml
cbab85e13fa5c630a2425870931e183d  -

sample_files/outer_delimiter_before.el sample_files/outer_delimiter_after.el
7b7f8b78e7b9544473b1a5c55abc3372  -

sample_files/ruby_before.rb sample_files/ruby_after.rb
4a9847a91e32ec6afdc2f0b01e28d2d6  -

sample_files/scala_before.scala sample_files/scala_after.scala
2481d8098136a8f659748ab699e75779  -

sample_files/simple_before.js sample_files/simple_after.js
500df204b0cee9f6baa0448f7c79d102  -

sample_files/simple_before.txt sample_files/simple_after.txt
4b653ebe89321835c35722dd065cf6a2  -

sample_files/slider_before.rs sample_files/slider_after.rs
ab11d8dfc684921d85f49d3ec4dfeec4  -

sample_files/slow_before.rs sample_files/slow_after.rs
f2f30bc8d13a61227a78b6c9dd5c4683  -

sample_files/small_before.js sample_files/small_after.js
ee97a525a74be6dd18e959395d02265b  -

sample_files/syntax_error_before.js sample_files/syntax_error_after.js
39bd92dde3a5ae0b1e0658f85f19420f  -

sample_files/text_before.txt sample_files/text_after.txt
c84411084bc4a5915819120a09d0f1ae  -

sample_files/typing_before.ml sample_files/typing_after.ml
22eec08aa24c88b330061de913dfce7d  -

