---
source: tests/cli.rs
expression: stdout
input_file: sample_files/objc_header_1.h
---
[1m[93msample_files/objc_header_2.h[39m[0m[2m --- 1/2 --- Objective-C[0m
[2m1 [0m[94;3m//[0m                                                                            [2m1 [0m[94;3m//[0m
[91;1m2 [0m[91;3m/[0m[91;3m/[0m[91;3m [0m[91;3m [0m[91;3mHttpServer[0m[91;3m.[0m[91;3mh[0m                                                              [92;1m2 [0m[92;3m/[0m[92;3m/[0m[92;3m [0m[92;3m [0m[92;3mHttpServer[0m[92;3m.[0m[92;3mh[0m [92;1;3;4mafter[0m [92;1;3;4mfile[0m
[2m3 [0m[94;3m//[0m                                                                            [2m3 [0m[94;3m//[0m
[2m4 [0m[94;3m//  Created by Nicholas Moore on 20/09/2022.[0m                                  [2m4 [0m[94;3m//  Created by Nicholas Moore on 20/09/2022.[0m
[2m. [0m                                                                              [92;1m5 [0m[92;3m//  A line added to the header.[0m
[2m5 [0m[94;3m//[0m                                                                            [2m6 [0m[94;3m//[0m
[2m6 [0m[94;3m//  Added to difftastic test suite by the author.[0m                             [2m7 [0m[94;3m//  Added to difftastic test suite by the author.[0m
[2m7 [0m[94;3m//  This source file is released by the author into the public domain.[0m        [2m8 [0m[94;3m//  This source file is released by the author into the public domain.[0m

[1msample_files/objc_header_2.h[0m[2m --- 2/2 --- Objective-C[0m
[2m . [0m                                                                             [2m16 [0m                                                         NSDictionary *heade
[2m . [0m                                                                             [2m[2m.. [0m[0mrs,
[2m . [0m                                                                             [2m17 [0m                                                         NSData *body);
[2m14 [0m                                                                             [2m18 [0m
[91;1m15 [0m[1m@interface[0m [1mPopHttpServer[0m : [91;1mNSObject[0m                                          [92;1m19 [0m[1m@interface[0m [1mPopHttpServer[0m : [92;1mNSObjectqq[0m
[2m16 [0m[1m@property[0m ([1mreadonly[0m) uint16_t port;                                          [92;1m20 [0m[1m@property[0m([1mreadonly[0m) uint16_t port; [92;3m// comment[0m
[2m.. [0m                                                                             [92;1m21 [0m[92;1m@property[0m[92;1m([0m[92;1mreadonly[0m[92;1m)[0m [92mNSString[0m [92m*[0m[92mhost[0m[92m;[0m
[2m17 [0m[1m@property[0m ([1mreadonly[0m) NSString *lastError;                                    [2m22 [0m[1m@property[0m([1mreadonly[0m) NSString *lastError;
[2m18 [0m[1m@property[0m ([1mreadonly[0m, [1mgetter[0m=[1misListening[0m) [1mBOOL[0m listening;                     [2m23 [0m[1m@property[0m([1mreadonly[0m, [1mgetter[0m=[1misListening[0m) [1mBOOL[0m listening;
[2m19 [0m[1m-[0m ([1mid[0m)initWithPort:(uint16_t)port;                                           [2m24 [0m[1m-[0m ([1mid[0m)initWithPort:(uint16_t)port;
[2m20 [0m[1m-[0m ([1mBOOL[0m)start;                                                               [2m25 [0m[1m-[0m ([1mBOOL[0m)start;
[2m21 [0m[1m-[0m (void)stop;                                                                [2m26 [0m[1m-[0m (void)stop;
[2m22 [0m[1m-[0m (void)registerHandler:(NSString *)pathPrefix block:(PopHttpRequestHandler) [92;1m27 [0m[1m-[0m (void)registerHandler:(NSString *[92m_Nonnull[0m)pathPrefix
[2m[2m.. [0m[0mmyblock;                                                                     [92;1m[2m.. [0m[0m
[2m.. [0m                                                                             [2m28 [0m                  block:(PopHttpRequestHandler)myblock
[2m.. [0m                                                                             [92;1m29 [0m                  [92madded[0m[92m:[0m[92;1m([0m[92;1mBOOL[0m [92m*[0m[92m_Nullable[0m[92;1m)[0m[92madded[0m;
[2m23 [0m[1m@end[0m                                                                         [2m30 [0m[1m@end[0m
[2m24 [0m                                                                             [2m31 [0m
[2m25 [0mNS_ASSUME_NONNULL_END                                                        [2m32 [0mNS_ASSUME_NONNULL_END
