---
source: tests/cli.rs
expression: stdout
input_file: sample_files/hcl_1.hcl
---
[1m[93msample_files/hcl_2.hcl[39m[0m[2m --- 1/4 --- HCL[0m
[2m10 [0m  esc2   = "$${} %%{}"                                  [2m10 [0m  esc2   = "$${} %%{}"
[2m11 [0m  num1   = 2                                            [2m11 [0m  num1   = 2
[2m12 [0m  num2   = 2.112                                        [2m12 [0m  num2   = 2.112
[91;1m13 [0m  num3   = [91m2.112e-12[0m                                    [92;1m13 [0m  num3   = [92m"Hello, World"[0m
[2m14 [0m  num4   = 2.112e+12                                    [2m14 [0m  num4   = 2.112e+12
[2m15 [0m  num5   = 2.112E+12                                    [2m15 [0m  num5   = 2.112E+12
[2m16 [0m  num6   = 2.112E-12                                    [2m16 [0m  num6   = 2.112E-12
[2m17 [0m  num7   = 0x21FF                                       [2m17 [0m  num7   = 0x21FF
[2m.. [0m                                                        [92;1m18 [0m  [92mstrx[0m   [92m=[0m [92m"Hello, Hcl"[0m
[2m18 [0m}                                                       [2m19 [0m}
[2m19 [0m                                                        [2m20 [0m
[2m20 [0m[1mresource[0m "example" "comments" {                         [2m21 [0m[1mresource[0m "example" "comments" {
[91;1m21 [0m  [91;3m/[0m[91;3m/[0m[91;3m [0m[91;3mcomment[0m                                            [92;1m22 [0m  [92;3m/[0m[92;3m/[0m[92;3m [0m[92;3mcomment[0m[92;1;3;4m,[0m [92;1;3;4mWorld[0m[92;1;3;4m![0m
[91;1m22 [0m  [91;3m# comment[0m                                             [2m.. [0m
[2m23 [0m  [94;3m/*[0m                                                    [2m23 [0m  [94;3m/*[0m
[2m24 [0m[94;3m      comment[0m                                           [2m24 [0m[94;3m      comment[0m
[2m25 [0m[94;3m  */[0m                                                    [2m25 [0m[94;3m  */[0m

[1msample_files/hcl_2.hcl[0m[2m --- 2/4 --- HCL[0m
[2m34 [0m  for1   = { [1mfor[0m i, v [1min[0m ["a", "a", "b"] : v => i... }  [2m34 [0m  for1   = { [1mfor[0m i, v [1min[0m ["a", "a", "b"] : v => i... }
[2m35 [0m  for2   = [ [1mfor[0m k, v [1min[0m x : [95m"[0m${k}[95m-[0m${v}[95m"[0m ]              [2m35 [0m  for2   = [ [1mfor[0m k, v [1min[0m x : [95m"[0m${k}[95m-[0m${v}[95m"[0m ]
[2m36 [0m  for3   = { [1mfor[0m k, v [1min[0m x: k => v }                    [2m36 [0m  for3   = { [1mfor[0m k, v [1min[0m x: k => v }
[91;1m37 [0m  [91mfor4[0m   [91m=[0m [91;1m[[0m [91;1mfor[0m [91mv[0m [91;1min[0m [91mx[0m [91m:[0m [91mv[0m [91;1m][0m                           [2m.. [0m
[91;1m38 [0m  for5   = { [1mfor[0m v [1min[0m [91mx[0m : v => v }                      [92;1m37 [0m  for5   = { [1mfor[0m v [1min[0m [92my[0m : v => v [92;1m+[0m [92m1[0m }
[2m39 [0m  for6   = [ [1mfor[0m v [1min[0m x : v [1mif[0m v [1m<[0m 3 ]                  [2m38 [0m  for6   = [ [1mfor[0m v [1min[0m x : v [1mif[0m v [1m<[0m 3 ]
[2m40 [0m}                                                       [2m39 [0m}
[2m41 [0m                                                        [2m40 [0m
[2m42 [0m[1mresource[0m "example" "function_expressions" {             [2m41 [0m[1mresource[0m "example" "function_expressions" {
[2m43 [0m  func1  = is_number("123")                             [2m42 [0m  func1  = is_number("123")
[91;1m44 [0m  [91mfunc2[0m  [91m=[0m [91mmultiline[0m[91;1m([0m                                   [2m.. [0m
[91;1m45 [0m    [91marg1[0m[91m,[0m                                               [2m.. [0m
[91;1m46 [0m    [91marg2[0m[91m,[0m                                               [2m.. [0m
[91;1m47 [0m    [91marg3[0m[91m...[0m                                             [2m.. [0m
[91;1m48 [0m  [91;1m)[0m                                                     [2m.. [0m
[2m49 [0m  func3 = withobject({                                  [2m43 [0m  func3 = withobject({
[2m50 [0m    "foo" : 2,                                          [2m44 [0m    "foo" : 2,
[2m51 [0m    "bar" : baz,                                        [2m45 [0m    "bar" : baz,

[1msample_files/hcl_2.hcl[0m[2m --- 3/4 --- HCL[0m
[2m55 [0m}                                                       [2m49 [0m}
[2m56 [0m                                                        [2m50 [0m
[2m57 [0m[1mresource[0m "example" "binary_expressions" {               [2m51 [0m[1mresource[0m "example" "binary_expressions" {
[91;1m58 [0m  cond1  = (1 [1m==[0m 2) ? 1 : [91m"foobar"[0m                      [92;1m52 [0m  cond1  = (1 [1m==[0m 2) ? 1 : [92m"Hello, HCL"[0m
[2m59 [0m  bin1   = ((1[1m+[0m2)[1m%[0m3)[1m*[0m4                                  [2m53 [0m  bin1   = ((1[1m+[0m2)[1m%[0m3)[1m*[0m4
[2m60 [0m}                                                       [2m54 [0m}
[2m61 [0m                                                        [2m55 [0m

[1msample_files/hcl_2.hcl[0m[2m --- 4/4 --- HCL[0m
[2m78 [0m    %{~endif~}                                          [2m72 [0m    %{~endif~}
[2m79 [0m    EOF                                                 [2m73 [0m    EOF
[2m80 [0m                                                        [2m74 [0m
[91;1m81 [0m  tpl6 = [91m<<-EOF[0m                                         [92;1m75 [0m  tpl6 = [92m<<-EOF[0m
[91;1m82 [0m[91m    %{ for a in f(b) ~}[0m                                 [92;1m76 [0m[92m    %{ for a in f(x) ~}[0m
[91;1m83 [0m[91m      %{~if a~} "true" %{~else~} "false" %{~endif~}[0m     [92;1m77 [0m[92m      %{~if a~} "true" %{~else~} "false" %{~endif~}[0m
[91;1m84 [0m[91m    %{ endfor ~}[0m                                        [92;1m78 [0m[92m    %{ endfor ~}[0m
[91;1m85 [0m[91m    EOF[0m                                                 [92;1m79 [0m[92m    EOF[0m
[2m.. [0m                                                        [92;1m80 [0m
[2m.. [0m                                                        [92;1m81 [0m  [92mtpl7[0m [92m=[0m [92m<<-EOF[0m
[2m.. [0m                                                        [92;1m82 [0m[92m    %{ for a in f(b) ~}[0m
[2m.. [0m                                                        [92;1m83 [0m[92m      "true"[0m
[2m.. [0m                                                        [92;1m84 [0m[92m    %{ endfor ~}[0m
[2m.. [0m                                                        [92;1m85 [0m[92m    EOF[0m
[2m86 [0m}                                                       [2m86 [0m}
[2m87 [0m                                                        [2m87 [0m
[2m88 [0m[1mresource[0m "example" "nested_blocks" {                    [2m88 [0m[1mresource[0m "example" "nested_blocks" {
