---
source: tests/cli.rs
expression: stdout
input_file: sample_files/multiline_string_1.ml
---
[1m[93msample_files/multiline_string_2.ml[39m[0m[2m --- OCaml[0m
[2m1 [0m[1mlet[0m x =                     [2m1 [0m[1mlet[0m x =
[91;1m2 [0m  [91m"[0m                         [92;1m2 [0m  [92m"[0m
[91;1m3 [0m[91mfoo[0m                         [92;1m3 [0m[92mfoo[0m
[91;1m4 [0m                            [92;1m4 [0m
[91;1m5 [0m[91;1;4mbar[0m                         [92;1m5 [0m[92;1;4mnovel[0m
[91;1m6 [0m[91m"[0m                           [92;1m6 [0m[92m"[0m
