---
source: tests/cli.rs
expression: stdout
input_file: sample_files/pascal_1.pascal
---
[1m[93msample_files/pascal_2.pascal[39m[0m[2m --- Pascal[0m
[2m13 [0m  [1mif[0m N [1m<[0m K [1mthen[0m                                                              [2m13 [0m  [1mif[0m N [1m<[0m K [1mthen[0m
[2m14 [0m    Result[1m:=[0m 0      [94;3m// Error[0m                                                 [2m14 [0m    Result[1m:=[0m 0      [94;3m// Error[0m
[2m15 [0m  [1melse[0m [1mbegin[0m                                                                 [2m15 [0m  [1melse[0m [1mbegin[0m
[91;1m16 [0m    [91;1mif[0m [91mK[0m [91;1m>[0m [91mN[0m [91;1m-[0m [91mK[0m [91;1mthen[0m                                                        [2m.. [0m
[91;1m17 [0m      [91mK[0m[91;1m:=[0m [91mN[0m [91;1m-[0m [91mK[0m[91m;[0m    [91;3m// Optimization[0m                                          [2m.. [0m
[2m18 [0m    Result[1m:=[0m 1;                                                              [2m16 [0m    Result[1m:=[0m 1;
[2m19 [0m    L[1m:=[0m 0;                                                                   [2m17 [0m    L[1m:=[0m 0;
[2m20 [0m    [1mwhile[0m L [1m<[0m K [1mdo[0m [1mbegin[0m                                                     [2m18 [0m    [1mwhile[0m L [1m<[0m K [1mdo[0m [1mbegin[0m
[91;1m21 [0m      Result[1m:=[0m Result [1m*[0m (N [1m-[0m [91mL[0m);                                             [92;1m19 [0m      Result[1m:=[0m Result [1m*[0m (N [1m-[0m [92m1[0m);
[2m22 [0m      Inc(L);                                                                [2m20 [0m      Inc(L);
[2m23 [0m      Result[1m:=[0m Result [1mdiv[0m L;                                                 [2m21 [0m      Result[1m:=[0m Result [1mdiv[0m L;
[2m24 [0m    [1mend[0m;                                                                     [2m22 [0m    [1mend[0m;
